CSV FILE
> mat<-matrix(sample(100:200),replace=TRUE),ncol=6)
Error: unexpected ',' in "mat<-matrix(sample(100:200),replace=TRUE),"
> mat<-matrix(sample((100:200),replace=TRUE),ncol=6)
Warning message:
In matrix(sample((100:200), replace = TRUE), ncol = 6) :
  data length [101] is not a sub-multiple or multiple of the number of rows [17]
> print(mat)
      [,1] [,2] [,3] [,4] [,5] [,6]
 [1,]  128  145  196  196  151  137
 [2,]  171  142  164  161  140  116
 [3,]  192  160  137  120  197  154
 [4,]  154  154  157  144  122  143
 [5,]  192  123  188  137  165  124
 [6,]  163  124  123  174  165  193
 [7,]  101  177  199  150  193  140
 [8,]  113  105  117  141  144  147
 [9,]  153  151  198  154  106  187
[10,]  197  136  126  128  157  195
[11,]  138  115  152  138  110  146
[12,]  107  184  138  139  136  109
[13,]  171  104  188  183  154  141
[14,]  127  156  168  133  143  160
[15,]  180  100  107  112  165  120
[16,]  149  145  156  155  188  110
[17,]  191  151  197  139  183  128
> mat<-matrix(sample((100:200),replace=TRUE),ncol=6)
Warning message:
In matrix(sample((100:200), replace = TRUE), ncol = 6) :
  data length [101] is not a sub-multiple or multiple of the number of rows [17]
> print(mat)
      [,1] [,2] [,3] [,4] [,5] [,6]
 [1,]  170  195  126  132  189  143
 [2,]  190  126  102  151  105  186
 [3,]  116  192  191  106  172  143
 [4,]  159  155  181  126  172  197
 [5,]  117  114  105  155  126  161
 [6,]  113  102  111  127  121  136
 [7,]  167  195  125  162  166  125
 [8,]  152  127  119  153  170  191
 [9,]  175  193  153  126  103  129
[10,]  195  135  104  196  194  179
[11,]  119  113  183  115  196  134
[12,]  123  113  199  186  119  145
[13,]  167  138  190  106  113  157
[14,]  120  197  190  150  182  150
[15,]  191  177  150  125  149  128
[16,]  107  200  169  194  129  154
[17,]  112  111  138  130  126  170
> df<-data.frame(mat)
> print(df)
    X1  X2  X3  X4  X5  X6
1  170 195 126 132 189 143
2  190 126 102 151 105 186
3  116 192 191 106 172 143
4  159 155 181 126 172 197
5  117 114 105 155 126 161
6  113 102 111 127 121 136
7  167 195 125 162 166 125
8  152 127 119 153 170 191
9  175 193 153 126 103 129
10 195 135 104 196 194 179
11 119 113 183 115 196 134
12 123 113 199 186 119 145
13 167 138 190 106 113 157
14 120 197 190 150 182 150
15 191 177 150 125 149 128
16 107 200 169 194 129 154
17 112 111 138 130 126 170
> write.csv(df,"Sample1.csv")
> data<-read.csv(file="Sample1.csv",header=TRUE,sep=",")
> print(data)
    X  X1  X2  X3  X4  X5  X6
1   1 170 195 126 132 189 143
2   2 190 126 102 151 105 186
3   3 116 192 191 106 172 143
4   4 159 155 181 126 172 197
5   5 117 114 105 155 126 161
6   6 113 102 111 127 121 136
7   7 167 195 125 162 166 125
8   8 152 127 119 153 170 191
9   9 175 193 153 126 103 129
10 10 195 135 104 196 194 179
11 11 119 113 183 115 196 134
12 12 123 113 199 186 119 145
13 13 167 138 190 106 113 157
14 14 120 197 190 150 182 150
15 15 191 177 150 125 149 128
16 16 107 200 169 194 129 154
17 17 112 111 138 130 126 170
> 
